// Jest Snapshot v1, https://goo.gl/fbAQLP

exports[`changes the class when hovered 1`] = `
<div
  className="priceDetails"
>
  <div
    className="priceItem"
  >
    <div
      className="itemTitle"
    >
      1
       
      book
      : 
    </div>
    <div
      className="itemPrice"
    >
      12.49
    </div>
  </div>
  <div
    className="priceItem"
  >
    <div
      className="itemTitle"
    >
      1
       
      music CD
      : 
    </div>
    <div
      className="itemPrice"
    >
      16.49
    </div>
  </div>
  <div
    className="priceItem"
  >
    <div
      className="itemTitle"
    >
      1
       
      chocolate bar
      : 
    </div>
    <div
      className="itemPrice"
    >
      0.85
    </div>
  </div>
  <div
    className="priceTax"
  >
    <div
      className="itemTitle"
    >
      Sales Taxes: 
    </div>
    <div
      className="itemPrice"
    >
      1.50
    </div>
  </div>
  <div
    className="priceTotal"
  >
    <div
      className="itemTitle"
    >
      Total: 
    </div>
    <div
      className="itemPrice"
    >
      29.83
    </div>
  </div>
</div>
`;
